<?xml version="1.0"?>
<testsuites>
  <testsuite tests="84" failures="0" errors="0" name="path-treeify.# before hook">
    <testcase classname="path-treeify.Default" name="#1 PathTreeNodeKind — has correct string values"/>
    <testcase classname="path-treeify.Default" name="#2 constructor — throws when base is omitted"/>
    <testcase classname="path-treeify.Default" name="#3 constructor — throws when base is an empty string"/>
    <testcase classname="path-treeify.Default" name="#4 constructor — throws when base does not exist"/>
    <testcase classname="path-treeify.Default" name="#5 constructor — throws when base points to a file"/>
    <testcase classname="path-treeify.Default" name="#6 constructor — succeeds with a valid directory"/>
    <testcase classname="path-treeify.Default" name="#7 constructor — throws when filter is a string"/>
    <testcase classname="path-treeify.Default" name="#8 constructor — throws when filter is a number"/>
    <testcase classname="path-treeify.Default" name="#9 constructor — throws when filter is null"/>
    <testcase classname="path-treeify.Default" name="#10 constructor — accepts zero-parameter filter"/>
    <testcase classname="path-treeify.Default" name="#11 constructor — accepts one-parameter filter"/>
    <testcase classname="path-treeify.Default" name="#12 constructor — accepts filter that always returns false"/>
    <testcase classname="path-treeify.Default" name="#13 constructor — accepts fileVisible: true"/>
    <testcase classname="path-treeify.Default" name="#14 constructor — accepts fileVisible: false"/>
    <testcase classname="path-treeify.Default" name="#15 constructor — accepts usePathCache: true"/>
    <testcase classname="path-treeify.Default" name="#16 constructor — accepts usePathCache: false"/>
    <testcase classname="path-treeify.Default" name="#17 build() — root parent is null"/>
    <testcase classname="path-treeify.Default" name="#18 build() — root value is empty string"/>
    <testcase classname="path-treeify.Default" name="#19 build() — root type is Unknown"/>
    <testcase classname="path-treeify.Default" name="#20 build() — root children is an array"/>
    <testcase classname="path-treeify.Default" name="#21 build() — root depth is 0"/>
    <testcase classname="path-treeify.Default" name="#22 build() — top-level children have depth 1"/>
    <testcase classname="path-treeify.Default" name="#23 build() — grandchildren have depth 2"/>
    <testcase classname="path-treeify.Default" name="#24 build() — depth increments correctly through 3 levels"/>
    <testcase classname="path-treeify.Default" name="#25 buildBy([]) — top-level nodes have depth 1"/>
    <testcase classname="path-treeify.Default" name="#26 fileVisible: true — file nodes have correct depth"/>
    <testcase classname="path-treeify.Default" name="#27 build() — top-level files are excluded by default"/>
    <testcase classname="path-treeify.Default" name="#28 build() — top-level directories are all present"/>
    <testcase classname="path-treeify.Default" name="#29 build() — all top-level dir nodes have type Dir"/>
    <testcase classname="path-treeify.Default" name="#30 build() — nested children are built recursively"/>
    <testcase classname="path-treeify.Default" name="#31 build() — each node has a correct parent back-reference"/>
    <testcase classname="path-treeify.Default" name="#32 fileVisible: true — files appear at top level"/>
    <testcase classname="path-treeify.Default" name="#33 fileVisible: true — file nodes have type File"/>
    <testcase classname="path-treeify.Default" name="#34 fileVisible: true — file nodes have no children"/>
    <testcase classname="path-treeify.Default" name="#35 fileVisible: true — directory nodes still have type Dir"/>
    <testcase classname="path-treeify.Default" name="#36 fileVisible: true — dir nodes still recurse correctly"/>
    <testcase classname="path-treeify.Default" name="#37 fileVisible: false (explicit) — files remain excluded"/>
    <testcase classname="path-treeify.Default" name="#38 fileVisible: true — mixed dir/file siblings both typed correctly"/>
    <testcase classname="path-treeify.Default" name="#39 build() — filter excludes at top level"/>
    <testcase classname="path-treeify.Default" name="#40 build() — filter is applied recursively"/>
    <testcase classname="path-treeify.Default" name="#41 build() — filter receives correct name and dirPath params"/>
    <testcase classname="path-treeify.Default" name="#42 build() — filter combined with fileVisible: true filters files too"/>
    <testcase classname="path-treeify.Default" name="#43 buildBy([]) — returns only requested top-level dirs"/>
    <testcase classname="path-treeify.Default" name="#44 buildBy([]) — builds full subtrees under requested dirs"/>
    <testcase classname="path-treeify.Default" name="#45 buildBy([]) — top-level nodes have type Dir"/>
    <testcase classname="path-treeify.Default" name="#46 buildBy([]) — parent references are correct"/>
    <testcase classname="path-treeify.Default" name="#47 buildBy([]) — strips leading/trailing posix slashes"/>
    <testcase classname="path-treeify.Default" name="#48 buildBy([]) — entries that reduce to empty string are silently dropped"/>
    <testcase classname="path-treeify.Default" name="#49 buildBy([]) — empty array produces root with no children"/>
    <testcase classname="path-treeify.Default" name="#50 buildBy([]) — throws when segment does not exist"/>
    <testcase classname="path-treeify.Default" name="#51 buildBy([]) — throws when segment is a file and fileVisible is false"/>
    <testcase classname="path-treeify.Default" name="#52 buildBy([]) — accepts a file segment when fileVisible: true"/>
    <testcase classname="path-treeify.Default" name="#53 buildBy([]) — backslash is treated as separator by formatSegments"/>
    <testcase classname="path-treeify.Default" name="#54 buildBy(fn) — includes only entries matching predicate"/>
    <testcase classname="path-treeify.Default" name="#55 buildBy(fn) — predicate returning false for all yields empty root"/>
    <testcase classname="path-treeify.Default" name="#56 buildBy(fn) — predicate returning true for all matches build()"/>
    <testcase classname="path-treeify.Default" name="#57 buildBy(fn) — predicate receives entry name as string"/>
    <testcase classname="path-treeify.Default" name="#58 buildBy(fn) — predicate does not receive files when fileVisible is false"/>
    <testcase classname="path-treeify.Default" name="#59 buildBy(fn) — predicate receives files when fileVisible is true"/>
    <testcase classname="path-treeify.Default" name="#60 buildBy — throws TypeError for argument: 42"/>
    <testcase classname="path-treeify.Default" name="#61 buildBy — throws TypeError for argument: null"/>
    <testcase classname="path-treeify.Default" name="#62 buildBy — throws TypeError for argument: {}"/>
    <testcase classname="path-treeify.Default" name="#63 buildBy — throws TypeError for argument: &quot;src&quot;"/>
    <testcase classname="path-treeify.Default" name="#64 buildBy — throws TypeError for argument: true"/>
    <testcase classname="path-treeify.Default" name="#65 buildBy — throws TypeError for argument: undefined"/>
    <testcase classname="path-treeify.Default" name="#66 getPath() — root node returns empty relative and base as absolute"/>
    <testcase classname="path-treeify.Default" name="#67 getPath() — top-level node returns its name as relative"/>
    <testcase classname="path-treeify.Default" name="#68 getPath() — nested node returns sep-joined relative path"/>
    <testcase classname="path-treeify.Default" name="#69 getPath() — 3-level deep node returns correct path"/>
    <testcase classname="path-treeify.Default" name="#70 getPath() — absolute path exists on disk"/>
    <testcase classname="path-treeify.Default" name="#71 getPath() — file node returns correct path when fileVisible: true"/>
    <testcase classname="path-treeify.Default" name="#72 getPath() — all siblings return correct distinct paths"/>
    <testcase classname="path-treeify.Default" name="#73 getPath() — node from buildBy returns same path as from build()"/>
    <testcase classname="path-treeify.Default" name="#74 usePathCache: true — getPath() returns correct paths"/>
    <testcase classname="path-treeify.Default" name="#75 usePathCache: true — getPath() returns same object reference on repeated calls"/>
    <testcase classname="path-treeify.Default" name="#76 usePathCache: false — getPath() returns different object references each call"/>
    <testcase classname="path-treeify.Default" name="#77 usePathCache: true — nested node returns correct path"/>
    <testcase classname="path-treeify.Default" name="#78 usePathCache: true — root node returns empty relative"/>
    <testcase classname="path-treeify.Default" name="#79 usePathCache: true — produces same tree structure as without cache"/>
    <testcase classname="path-treeify.Default" name="#80 build() — empty base directory returns root with no children"/>
    <testcase classname="path-treeify.Default" name="#81 build() — deeply nested branch has correct parent chain"/>
    <testcase classname="path-treeify.Default" name="#82 build() — sibling nodes do not share children arrays"/>
    <testcase classname="path-treeify.Default" name="#83 build() — multiple calls return independent trees"/>
    <testcase classname="path-treeify.Default" name="#84 buildBy([]) and build() — returned nodes are independent objects"/>
  </testsuite>
  <testsuite tests="0" failures="0" errors="0" name="path-treeify.# after.always hook"/>
</testsuites>
